[    0.000000] Initializing cgroup subsys cpuset
[    0.000000] Initializing cgroup subsys cpu
[    0.000000] Initializing cgroup subsys cpuacct
[    0.000000] Linux version 4.4.0-146-generic (buildd@lcy01-amd64-025) (gcc version 5.4.0 20160609 (Ubuntu 5.4.0-6ubuntu1~16.04.10) ) #172-Ubuntu SMP Wed Apr 3 09:00:08 UTC 2019 (Ubuntu 4.4.0-146.172-generic 4.4.177)
[    0.000000] Command line: BOOT_IMAGE=/boot/vmlinuz-4.4.0-146-generic root=LABEL=cloudimg-rootfs ro console=tty1 console=ttyS0
[    0.000000] KERNEL supported cpus:
[    0.000000]   Intel GenuineIntel
[    0.000000]   AMD AuthenticAMD
[    0.000000]   Centaur CentaurHauls
[    0.000000] x86/fpu: xstate_offset[2]:  576, xstate_sizes[2]:  256
[    0.000000] x86/fpu: Supporting XSAVE feature 0x01: 'x87 floating point registers'
[    0.000000] x86/fpu: Supporting XSAVE feature 0x02: 'SSE registers'
[    0.000000] x86/fpu: Supporting XSAVE feature 0x04: 'AVX registers'
[    0.000000] x86/fpu: Enabled xstate features 0x7, context size is 832 bytes, using 'standard' format.
[    0.000000] e820: BIOS-provided physical RAM map:
[    0.000000] BIOS-e820: [mem 0x0000000000000000-0x000000000009fbff] usable
[    0.000000] BIOS-e820: [mem 0x000000000009fc00-0x000000000009ffff] reserved
[    0.000000] BIOS-e820: [mem 0x00000000000f0000-0x00000000000fffff] reserved
[    0.000000] BIOS-e820: [mem 0x0000000000100000-0x000000003ffeffff] usable
[    0.000000] BIOS-e820: [mem 0x000000003fff0000-0x000000003fffffff] ACPI data
[    0.000000] BIOS-e820: [mem 0x00000000fec00000-0x00000000fec00fff] reserved
[    0.000000] BIOS-e820: [mem 0x00000000fee00000-0x00000000fee00fff] reserved
[    0.000000] BIOS-e820: [mem 0x00000000fffc0000-0x00000000ffffffff] reserved
[    0.000000] NX (Execute Disable) protection: active
[    0.000000] SMBIOS 2.5 present.
[    0.000000] Hypervisor detected: KVM
[    0.000000] e820: last_pfn = 0x3fff0 max_arch_pfn = 0x400000000
[    0.000000] MTRR: Disabled
[    0.000000] x86/PAT: MTRRs disabled, skipping PAT initialization too.
[    0.000000] CPU MTRRs all blank - virtualized system.
[    0.000000] x86/PAT: Configuration [0-7]: WB  WT  UC- UC  WB  WT  UC- UC  
[    0.000000] found SMP MP-table at [mem 0x0009fff0-0x0009ffff] mapped at [ffff88000009fff0]
[    0.000000] Scanning 1 areas for low memory corruption
[    0.000000] RAMDISK: [mem 0x362fa000-0x37174fff]
[    0.000000] ACPI: Early table checksum verification disabled
[    0.000000] ACPI: RSDP 0x00000000000E0000 000024 (v02 VBOX  )
[    0.000000] ACPI: XSDT 0x000000003FFF0030 00003C (v01 VBOX   VBOXXSDT 00000001 ASL  00000061)
[    0.000000] ACPI: FACP 0x000000003FFF00F0 0000F4 (v04 VBOX   VBOXFACP 00000001 ASL  00000061)
[    0.000000] ACPI: DSDT 0x000000003FFF0470 002325 (v02 VBOX   VBOXBIOS 00000002 INTL 20100528)
[    0.000000] ACPI: FACS 0x000000003FFF0200 000040
[    0.000000] ACPI: FACS 0x000000003FFF0200 000040
[    0.000000] ACPI: APIC 0x000000003FFF0240 00005C (v02 VBOX   VBOXAPIC 00000001 ASL  00000061)
[    0.000000] ACPI: SSDT 0x000000003FFF02A0 0001CC (v01 VBOX   VBOXCPUT 00000002 INTL 20100528)
[    0.000000] No NUMA configuration found
[    0.000000] Faking a node at [mem 0x0000000000000000-0x000000003ffeffff]
[    0.000000] NODE_DATA(0) allocated [mem 0x3ffeb000-0x3ffeffff]
[    0.000000] kvm-clock: Using msrs 4b564d01 and 4b564d00
[    0.000000] kvm-clock: cpu 0, msr 0:3ffe3001, primary cpu clock
[    0.000000] kvm-clock: using sched offset of 4310660395 cycles
[    0.000000] clocksource: kvm-clock: mask: 0xffffffffffffffff max_cycles: 0x1cd42e4dffb, max_idle_ns: 881590591483 ns
[    0.000000] Zone ranges:
[    0.000000]   DMA      [mem 0x0000000000001000-0x0000000000ffffff]
[    0.000000]   DMA32    [mem 0x0000000001000000-0x000000003ffeffff]
[    0.000000]   Normal   empty
[    0.000000]   Device   empty
[    0.000000] Movable zone start for each node
[    0.000000] Early memory node ranges
[    0.000000]   node   0: [mem 0x0000000000001000-0x000000000009efff]
[    0.000000]   node   0: [mem 0x0000000000100000-0x000000003ffeffff]
[    0.000000] Initmem setup node 0 [mem 0x0000000000001000-0x000000003ffeffff]
[    0.000000] ACPI: PM-Timer IO Port: 0x4008
[    0.000000] IOAPIC[0]: apic_id 2, version 32, address 0xfec00000, GSI 0-23
[    0.000000] ACPI: INT_SRC_OVR (bus 0 bus_irq 0 global_irq 2 dfl dfl)
[    0.000000] ACPI: INT_SRC_OVR (bus 0 bus_irq 9 global_irq 9 low level)
[    0.000000] Using ACPI (MADT) for SMP configuration information
[    0.000000] smpboot: Allowing 2 CPUs, 0 hotplug CPUs
[    0.000000] PM: Registered nosave memory: [mem 0x00000000-0x00000fff]
[    0.000000] PM: Registered nosave memory: [mem 0x0009f000-0x0009ffff]
[    0.000000] PM: Registered nosave memory: [mem 0x000a0000-0x000effff]
[    0.000000] PM: Registered nosave memory: [mem 0x000f0000-0x000fffff]
[    0.000000] e820: [mem 0x40000000-0xfebfffff] available for PCI devices
[    0.000000] Booting paravirtualized kernel on KVM
[    0.000000] clocksource: refined-jiffies: mask: 0xffffffff max_cycles: 0xffffffff, max_idle_ns: 7645519600211568 ns
[    0.000000] setup_percpu: NR_CPUS:512 nr_cpumask_bits:512 nr_cpu_ids:2 nr_node_ids:1
[    0.000000] PERCPU: Embedded 34 pages/cpu @ffff88003fc00000 s99480 r8192 d31592 u1048576
[    0.000000] Built 1 zonelists in Node order, mobility grouping on.  Total pages: 257912
[    0.000000] Policy zone: DMA32
[    0.000000] Kernel command line: BOOT_IMAGE=/boot/vmlinuz-4.4.0-146-generic root=LABEL=cloudimg-rootfs ro console=tty1 console=ttyS0
[    0.000000] PID hash table entries: 4096 (order: 3, 32768 bytes)
[    0.000000] Memory: 997732K/1048120K available (8609K kernel code, 1334K rwdata, 4028K rodata, 1484K init, 1284K bss, 50388K reserved, 0K cma-reserved)
[    0.000000] SLUB: HWalign=64, Order=0-3, MinObjects=0, CPUs=2, Nodes=1
[    0.000000] Kernel/User page tables isolation: enabled
[    0.000000] Hierarchical RCU implementation.
[    0.000000] 	Build-time adjustment of leaf fanout to 64.
[    0.000000] 	RCU restricting CPUs from NR_CPUS=512 to nr_cpu_ids=2.
[    0.000000] RCU: Adjusting geometry for rcu_fanout_leaf=64, nr_cpu_ids=2
[    0.000000] NR_IRQS:33024 nr_irqs:440 16
[    0.000000] Console: colour VGA+ 80x25
[    0.000000] console [tty1] enabled
[    0.000000] console [ttyS0] enabled
[    0.000000] tsc: Detected 3503.998 MHz processor
[    0.210479] Calibrating delay loop (skipped) preset value.. 7007.99 BogoMIPS (lpj=14015992)
[    0.213062] pid_max: default: 32768 minimum: 301
[    0.214589] ACPI: Core revision 20150930
[    0.217235] ACPI: 2 ACPI AML tables successfully acquired and loaded
[    0.219419] Security Framework initialized
[    0.221405] Yama: becoming mindful.
[    0.222697] AppArmor: AppArmor initialized
[    0.224259] Dentry cache hash table entries: 131072 (order: 8, 1048576 bytes)
[    0.229318] Inode-cache hash table entries: 65536 (order: 7, 524288 bytes)
[    0.231909] Mount-cache hash table entries: 2048 (order: 2, 16384 bytes)
[    0.233415] Mountpoint-cache hash table entries: 2048 (order: 2, 16384 bytes)
[    0.234857] Initializing cgroup subsys io
[    0.235734] Initializing cgroup subsys memory
[    0.236849] Initializing cgroup subsys devices
[    0.238202] Initializing cgroup subsys freezer
[    0.240069] Initializing cgroup subsys net_cls
[    0.241608] Initializing cgroup subsys perf_event
[    0.242611] Initializing cgroup subsys net_prio
[    0.243776] Initializing cgroup subsys hugetlb
[    0.245123] Initializing cgroup subsys pids
[    0.248617] mce: CPU supports 0 MCE banks
[    0.252527] Last level iTLB entries: 4KB 64, 2MB 8, 4MB 8
[    0.254772] Last level dTLB entries: 4KB 64, 2MB 0, 4MB 0, 1GB 4
[    0.256823] Spectre V2 : Mitigation: Full generic retpoline
[    0.259373] Spectre V2 : Spectre v2 / SpectreRSB mitigation: Filling RSB on context switch
[    0.262624] Speculative Store Bypass: Vulnerable
[    0.267588] Freeing SMP alternatives memory: 36K
[    0.277149] ftrace: allocating 32287 entries in 127 pages
[    0.348797] smpboot: APIC(0) Converting physical 0 to logical package 0
[    0.352269] smpboot: Max logical packages: 1
[    0.353784] x2apic enabled
[    0.354890] Switched APIC routing to physical x2apic.
[    0.358058] ..TIMER: vector=0x30 apic1=0 pin1=2 apic2=-1 pin2=-1
[    0.465172] smpboot: CPU0: Intel(R) Core(TM) i7-7567U CPU @ 3.50GHz (family: 0x6, model: 0x8e, stepping: 0x9)
[    0.469379] Performance Events: unsupported p6 CPU model 142 no PMU driver, software events only.
[    0.486555] KVM setup paravirtual spinlock
[    0.489458] x86: Booting SMP configuration:
[    0.491134] .... node  #0, CPUs:      #1
[    0.492447] kvm-clock: cpu 1, msr 0:3ffe3041, secondary cpu clock
[    0.495250] mce: CPU supports 0 MCE banks
[    0.498132] x86: Booted up 1 node, 2 CPUs
[    0.499573] smpboot: Total of 2 processors activated (14015.99 BogoMIPS)
[    0.502469] devtmpfs: initialized
[    0.505681] evm: security.selinux
[    0.507246] evm: security.SMACK64
[    0.510347] evm: security.SMACK64EXEC
[    0.511951] evm: security.SMACK64TRANSMUTE
[    0.513574] evm: security.SMACK64MMAP
[    0.515369] evm: security.ima
[    0.516968] evm: security.capability
[    0.518635] clocksource: jiffies: mask: 0xffffffff max_cycles: 0xffffffff, max_idle_ns: 7645041785100000 ns
[    0.521929] futex hash table entries: 512 (order: 3, 32768 bytes)
[    0.523982] pinctrl core: initialized pinctrl subsystem
[    0.526160] RTC time:  9:08:17, date: 05/04/20
[    0.527802] NET: Registered protocol family 16
[    0.540629] cpuidle: using governor ladder
[    0.552572] cpuidle: using governor menu
[    0.554572] PCCT header not found.
[    0.556653] ACPI: bus type PCI registered
[    0.558320] acpiphp: ACPI Hot Plug PCI Controller Driver version: 0.5
[    0.560782] PCI: Using configuration type 1 for base access
[    0.574394] ACPI: Added _OSI(Module Device)
[    0.576074] ACPI: Added _OSI(Processor Device)
[    0.580548] ACPI: Added _OSI(3.0 _SCP Extensions)
[    0.582518] ACPI: Added _OSI(Processor Aggregator Device)
[    0.586140] ACPI: Executed 1 blocks of module-level executable AML code
[    0.590788] ACPI: Interpreter enabled
[    0.592013] ACPI: (supports S0 S5)
[    0.593171] ACPI: Using IOAPIC for interrupt routing
[    0.595440] PCI: Using host bridge windows from ACPI; if necessary, use "pci=nocrs" and report a bug
[    0.602852] ACPI: PCI Root Bridge [PCI0] (domain 0000 [bus 00-ff])
[    0.606083] acpi PNP0A03:00: _OSC: OS supports [ASPM ClockPM Segments MSI]
[    0.610297] acpi PNP0A03:00: _OSC: not requesting OS control; OS requires [ExtendedConfig ASPM ClockPM MSI]
[    0.617620] acpi PNP0A03:00: fail to add MMCONFIG information, can't access extended PCI configuration space under this bridge.
[    0.622593] PCI host bridge to bus 0000:00
[    0.623938] pci_bus 0000:00: root bus resource [io  0x0000-0x0cf7 window]
[    0.626185] pci_bus 0000:00: root bus resource [io  0x0d00-0xffff window]
[    0.628583] pci_bus 0000:00: root bus resource [mem 0x000a0000-0x000bffff window]
[    0.633268] pci_bus 0000:00: root bus resource [mem 0x40000000-0xfdffffff window]
[    0.638357] pci_bus 0000:00: root bus resource [bus 00-ff]
[    0.648731] pci 0000:00:01.1: legacy IDE quirk: reg 0x10: [io  0x01f0-0x01f7]
[    0.653831] pci 0000:00:01.1: legacy IDE quirk: reg 0x14: [io  0x03f6]
[    0.659342] pci 0000:00:01.1: legacy IDE quirk: reg 0x18: [io  0x0170-0x0177]
[    0.662766] pci 0000:00:01.1: legacy IDE quirk: reg 0x1c: [io  0x0376]
[    0.698845] pci 0000:00:07.0: quirk: [io  0x4000-0x403f] claimed by PIIX4 ACPI
[    0.712543] pci 0000:00:07.0: quirk: [io  0x4100-0x410f] claimed by PIIX4 SMB
[    0.755433] ACPI: PCI Interrupt Link [LNKA] (IRQs 5 9 10 *11)
[    0.759928] ACPI: PCI Interrupt Link [LNKB] (IRQs 5 9 *10 11)
[    0.765496] ACPI: PCI Interrupt Link [LNKC] (IRQs 5 *9 10 11)
[    0.768604] ACPI: PCI Interrupt Link [LNKD] (IRQs 5 9 10 *11)
[    0.772705] ACPI: Enabled 2 GPEs in block 00 to 07
[    0.776194] vgaarb: setting as boot device: PCI:0000:00:02.0
[    0.781145] vgaarb: device added: PCI:0000:00:02.0,decodes=io+mem,owns=io+mem,locks=none
[    0.785225] vgaarb: loaded
[    0.787207] vgaarb: bridge control possible 0000:00:02.0
[    0.789734] SCSI subsystem initialized
[    0.791809] ACPI: bus type USB registered
[    0.793998] usbcore: registered new interface driver usbfs
[    0.796541] usbcore: registered new interface driver hub
[    0.798192] usbcore: registered new device driver usb
[    0.800944] PCI: Using ACPI for IRQ routing
[    0.804998] NetLabel: Initializing
[    0.812517] NetLabel:  domain hash size = 128
[    0.821016] NetLabel:  protocols = UNLABELED CIPSOv4
[    0.823473] NetLabel:  unlabeled traffic allowed by default
[    0.825828] amd_nb: Cannot enumerate AMD northbridges
[    0.827598] clocksource: Switched to clocksource kvm-clock
[    0.838566] AppArmor: AppArmor Filesystem Enabled
[    0.840457] pnp: PnP ACPI init
[    0.844660] pnp: PnP ACPI: found 3 devices
[    0.861000] clocksource: acpi_pm: mask: 0xffffff max_cycles: 0xffffff, max_idle_ns: 2085701024 ns
[    0.865386] NET: Registered protocol family 2
[    0.867320] TCP established hash table entries: 8192 (order: 4, 65536 bytes)
[    0.870272] TCP bind hash table entries: 8192 (order: 5, 131072 bytes)
[    0.873256] TCP: Hash tables configured (established 8192 bind 8192)
[    0.875479] UDP hash table entries: 512 (order: 2, 16384 bytes)
[    0.878018] UDP-Lite hash table entries: 512 (order: 2, 16384 bytes)
[    0.880101] NET: Registered protocol family 1
[    0.884903] pci 0000:00:00.0: Limiting direct PCI/PCI transfers
[    0.886416] pci 0000:00:01.0: Activating ISA DMA hang workarounds
[    0.888610] Unpacking initramfs...
[    1.167295] Freeing initrd memory: 14828K
[    1.169791] platform rtc_cmos: registered platform RTC device (no PNP device found)
[    1.175692] Scanning for low memory corruption every 60 seconds
[    1.179722] audit: initializing netlink subsys (disabled)
[    1.182736] audit: type=2000 audit(1588583304.112:1): initialized
[    1.185446] Initialise system trusted keyring
[    1.189205] HugeTLB registered 2 MB page size, pre-allocated 0 pages
[    1.192022] zbud: loaded
[    1.193143] VFS: Disk quotas dquot_6.6.0
[    1.194057] VFS: Dquot-cache hash table entries: 512 (order 0, 4096 bytes)
[    1.195813] squashfs: version 4.0 (2009/01/31) Phillip Lougher
[    1.197413] fuse init (API version 7.23)
[    1.198417] Key type big_key registered
[    1.199384] Allocating IMA MOK and blacklist keyrings.
[    1.203074] Key type asymmetric registered
[    1.204591] Asymmetric key parser 'x509' registered
[    1.207019] Block layer SCSI generic (bsg) driver version 0.4 loaded (major 249)
[    1.209691] io scheduler noop registered
[    1.210999] io scheduler deadline registered (default)
[    1.213246] io scheduler cfq registered
[    1.214711] pci_hotplug: PCI Hot Plug PCI Core version: 0.5
[    1.217301] pciehp: PCI Express Hot Plug Controller Driver version: 0.4
[    1.220315] ACPI: AC Adapter [AC] (on-line)
[    1.221877] input: Power Button as /devices/LNXSYSTM:00/LNXPWRBN:00/input/input0
[    1.224331] ACPI: Power Button [PWRF]
[    1.225751] input: Sleep Button as /devices/LNXSYSTM:00/LNXSLPBN:00/input/input1
[    1.228557] ACPI: Sleep Button [SLPF]
[    1.231068] ACPI: Battery Slot [BAT0] (battery present)
[    1.233324] GHES: HEST is not enabled!
[    1.235129] Serial: 8250/16550 driver, 32 ports, IRQ sharing enabled
[    1.258141] 00:02: ttyS0 at I/O 0x3f8 (irq = 4, base_baud = 115200) is a 16550A
[    1.265073] Linux agpgart interface v0.103
[    1.269771] loop: module loaded
[    1.272556] scsi host0: ata_piix
[    1.276919] scsi host1: ata_piix
[    1.282925] ata1: PATA max UDMA/33 cmd 0x1f0 ctl 0x3f6 bmdma 0xd000 irq 14
[    1.286589] ata2: PATA max UDMA/33 cmd 0x170 ctl 0x376 bmdma 0xd008 irq 15
[    1.289268] libphy: Fixed MDIO Bus: probed
[    1.292907] tun: Universal TUN/TAP device driver, 1.6
[    1.295118] tun: (C) 1999-2004 Max Krasnyansky <maxk@qualcomm.com>
[    1.297182] PPP generic driver version 2.4.2
[    1.299171] ehci_hcd: USB 2.0 'Enhanced' Host Controller (EHCI) Driver
[    1.303057] ehci-pci: EHCI PCI platform driver
[    1.305224] ehci-platform: EHCI generic platform driver
[    1.307409] ohci_hcd: USB 1.1 'Open' Host Controller (OHCI) Driver
[    1.311049] ohci-pci: OHCI PCI platform driver
[    1.316591] ohci-platform: OHCI generic platform driver
[    1.318561] uhci_hcd: USB Universal Host Controller Interface driver
[    1.320863] i8042: PNP: PS/2 Controller [PNP0303:PS2K,PNP0f03:PS2M] at 0x60,0x64 irq 1,12
[    1.324657] serio: i8042 KBD port at 0x60,0x64 irq 1
[    1.327425] serio: i8042 AUX port at 0x60,0x64 irq 12
[    1.329430] mousedev: PS/2 mouse device common for all mice
[    1.332037] input: AT Translated Set 2 keyboard as /devices/platform/i8042/serio0/input/input2
[    1.336249] rtc_cmos rtc_cmos: rtc core: registered rtc_cmos as rtc0
[    1.344062] rtc_cmos rtc_cmos: alarms up to one day, 114 bytes nvram
[    1.349814] i2c /dev entries driver
[    1.352964] device-mapper: uevent: version 1.0.3
[    1.357885] device-mapper: ioctl: 4.34.0-ioctl (2015-10-28) initialised: dm-devel@redhat.com
[    1.360802] ledtrig-cpu: registered to indicate activity on CPUs
[    1.364429] NET: Registered protocol family 10
[    1.366431] NET: Registered protocol family 17
[    1.367914] Key type dns_resolver registered
[    1.370413] registered taskstats version 1
[    1.373541] Loading compiled-in X.509 certificates
[    1.376479] Loaded X.509 cert 'Build time autogenerated kernel key: 4dcb2dc2c7cf43e0c20c44384f68683c20294489'
[    1.380936] zswap: loaded using pool lzo/zbud
[    1.384390] Key type trusted registered
[    1.389208] Key type encrypted registered
[    1.390483] AppArmor: AppArmor sha1 policy hashing enabled
[    1.392152] ima: No TPM chip found, activating TPM-bypass!
[    1.394111] ima: Allocated hash algorithm: sha1
[    1.395841] evm: HMAC attrs: 0x1
[    1.397846]   Magic number: 4:311:120
[    1.399111] misc device-mapper: hash matches
[    1.400963] rtc_cmos rtc_cmos: setting system clock to 2020-05-04 09:08:18 UTC (1588583298)
[    1.403573] BIOS EDD facility v0.16 2004-Jun-25, 0 devices found
[    1.406722] EDD information not available.
[    1.474581] Freeing unused kernel memory: 1484K
[    1.478072] Write protecting the kernel read-only data: 14336k
[    1.480964] Freeing unused kernel memory: 1620K
[    1.483539] Freeing unused kernel memory: 68K
Loading, please wait...
starting version 229
[    1.502792] random: udevadm: uninitialized urandom read (16 bytes read, 3 bits of entropy available)
[    1.502869] random: systemd-udevd: uninitialized urandom read (16 bytes read, 3 bits of entropy available)
[    1.502945] random: systemd-udevd: uninitialized urandom read (16 bytes read, 3 bits of entropy available)
[    1.502958] random: systemd-udevd: uninitialized urandom read (16 bytes read, 3 bits of entropy available)
[    1.502973] random: systemd-udevd: uninitialized urandom read (16 bytes read, 3 bits of entropy available)
[    1.519768] random: udevadm: uninitialized urandom read (16 bytes read, 3 bits of entropy available)
[    1.529333] random: systemd-udevd: uninitialized urandom read (16 bytes read, 3 bits of entropy available)
[    1.532508] random: udevadm: uninitialized urandom read (16 bytes read, 3 bits of entropy available)
[    1.532553] random: udevadm: uninitialized urandom read (16 bytes read, 3 bits of entropy available)
[    1.532696] random: udevadm: uninitialized urandom read (16 bytes read, 3 bits of entropy available)
[    1.586600] e1000: Intel(R) PRO/1000 Network Driver - version 7.3.21-k8-NAPI
[    1.589055] e1000: Copyright (c) 1999-2006 Intel Corporation.
[    1.599280] Fusion MPT base driver 3.04.20
[    1.600783] Copyright (c) 1999-2008 LSI Corporation
[    1.636195] Fusion MPT SPI Host driver 3.04.20
[    1.643061] AVX2 version of gcm_enc/dec engaged.
[    1.644928] AES CTR mode by8 optimization enabled
[    1.820793] input: ImExPS/2 Generic Explorer Mouse as /devices/platform/i8042/serio1/input/input4
[    2.167707] tsc: Refined TSC clocksource calibration: 3502.471 MHz
[    2.169650] clocksource: tsc: mask: 0xffffffffffffffff max_cycles: 0x327c6fdad3f, max_idle_ns: 440795366068 ns
[    2.184028] e1000 0000:00:03.0 eth0: (PCI:33MHz:32-bit) 02:6d:cd:79:6e:19
[    2.187692] e1000 0000:00:03.0 eth0: Intel(R) PRO/1000 Network Connection
[    2.191128] mptbase: ioc0: Initiating bringup
[    2.684687] ioc0: LSI53C1030 A0: Capabilities={Initiator}
[    4.681692] scsi host2: ioc0: LSI53C1030 A0, FwRev=00000000h, Ports=1, MaxQ=256, IRQ=20
[    5.800592] scsi 2:0:0:0: Direct-Access     VBOX     HARDDISK         1.0  PQ: 0 ANSI: 5
[    5.804023] scsi target2:0:0: Beginning Domain Validation
[    5.808960] scsi target2:0:0: Domain Validation skipping write tests
[    5.810222] scsi target2:0:0: Ending Domain Validation
[    5.811491] scsi target2:0:0: asynchronous
[    5.813244] scsi 2:0:1:0: Direct-Access     VBOX     HARDDISK         1.0  PQ: 0 ANSI: 5
[    5.815655] scsi target2:0:1: Beginning Domain Validation
[    5.818608] scsi target2:0:1: Domain Validation skipping write tests
[    5.820599] scsi target2:0:1: Ending Domain Validation
[    5.822198] scsi target2:0:1: asynchronous
[    5.830821] sd 2:0:0:0: Attached scsi generic sg0 type 0
[    5.835750] sd 2:0:0:0: [sda] 20971520 512-byte logical blocks: (10.7 GB/10.0 GiB)
[    5.848809] sd 2:0:1:0: Attached scsi generic sg1 type 0
[    5.851358] sd 2:0:1:0: [sdb] 20480 512-byte logical blocks: (10.5 MB/10.0 MiB)
[    5.854387] sd 2:0:0:0: [sda] Write Protect is off
[    5.855981] sd 2:0:1:0: [sdb] Write Protect is off
[    5.857265] sd 2:0:0:0: [sda] Incomplete mode parameter data
[    5.858569] sd 2:0:0:0: [sda] Assuming drive cache: write through
[    5.859938] sd 2:0:1:0: [sdb] Incomplete mode parameter data
[    5.861730] sd 2:0:1:0: [sdb] Assuming drive cache: write through
[    5.865073] sd 2:0:1:0: [sdb] Attached SCSI disk
[    5.866562]  sda: sda1
[    5.868382] sd 2:0:0:0: [sda] Attached SCSI disk
[    6.537342] e1000 0000:00:08.0 eth1: (PCI:33MHz:32-bit) 08:00:27:80:b0:42
[    6.539767] e1000 0000:00:08.0 eth1: Intel(R) PRO/1000 Network Connection
[    6.542769] e1000 0000:00:03.0 enp0s3: renamed from eth0
[    6.560914] e1000 0000:00:08.0 enp0s8: renamed from eth1
Begin: Loading essential drivers ... [    8.052945] md: linear personality registered for level -1
[    8.057304] md: multipath personality registered for level -4
[    8.061546] md: raid0 personality registered for level 0
[    8.068217] md: raid1 personality registered for level 1
[    8.139650] raid6: sse2x1   gen()  8126 MB/s
[    8.207723] raid6: sse2x1   xor()  7261 MB/s
[    8.275716] raid6: sse2x2   gen() 10618 MB/s
[    8.343994] raid6: sse2x2   xor()  7940 MB/s
[    8.411650] raid6: sse2x4   gen() 12919 MB/s
[    8.479813] raid6: sse2x4   xor()  7684 MB/s
[    8.547646] raid6: avx2x1   gen() 15940 MB/s
[    8.616085] raid6: avx2x2   gen() 20122 MB/s
[    8.683796] raid6: avx2x4   gen() 21181 MB/s
[    8.685007] raid6: using algorithm avx2x4 gen() 21181 MB/s
[    8.686099] raid6: using avx2x2 recovery algorithm
[    8.688429] xor: automatically using best checksumming function:
[    8.727772]    avx       : 24562.000 MB/sec
[    8.730326] async_tx: api initialized (async)
[    8.747056] md: raid6 personality registered for level 6
[    8.749748] md: raid5 personality registered for level 5
[    8.752003] md: raid4 personality registered for level 4
[    8.761197] md: raid10 personality registered for level 10
done.
Begin: Running /scripts/init-premount ... done.
Begin: Mounting root file system ... Begin: Running /scripts/local-top ... done.
Begin: Running /scripts/local-premount ... [    8.795260] Btrfs loaded
Scanning for Btrfs filesystems
done.
Warning: fsck not present, so skipping root file system
[    8.836197] EXT4-fs (sda1): mounted filesystem with ordered data mode. Opts: (null)
done.
Begin: Running /scripts/local-bottom ... done.
Begin: Running /scripts/init-bottom ... done.
[    9.018062] systemd[1]: systemd 229 running in system mode. (+PAM +AUDIT +SELINUX +IMA +APPARMOR +SMACK +SYSVINIT +UTMP +LIBCRYPTSETUP +GCRYPT +GNUTLS +ACL +XZ -LZ4 +SECCOMP +BLKID +ELFUTILS +KMOD -IDN)
[    9.027855] systemd[1]: Detected virtualization oracle.
[    9.029992] systemd[1]: Detected architecture x86-64.

Welcome to [1mUbuntu 16.04.6 LTS[0m!

[    9.054772] systemd[1]: Set hostname to <ubuntu>.
[    9.062887] systemd[1]: Initializing machine ID from random generator.
[    9.071830] systemd[1]: Installed transient /etc/machine-id file.
[    9.325664] systemd[1]: Set up automount Arbitrary Executable File Formats File System Automount Point.
[[0;32m  OK  [0m] Set up automount Arbitrary Executab...ats File System Automount Point.
[    9.333567] systemd[1]: Created slice User and Session Slice.
[[0;32m  OK  [0m] Created slice User and Session Slice.
[    9.339072] systemd[1]: Reached target User and Group Name Lookups.
[[0;32m  OK  [0m] Reached target User and Group Name Lookups.
[    9.349235] systemd[1]: Listening on /dev/initctl Compatibility Named Pipe.
[[0;32m  OK  [0m] Listening on /dev/initctl Compatibility Named Pipe.
[    9.354354] systemd[1]: Started Forward Password Requests to Wall Directory Watch.
[[0;32m  OK  [0m] Started Forward Password Requests to Wall Directory Watch.
[    9.361269] systemd[1]: Started Trigger resolvconf update for networkd DNS.
[[0;32m  OK  [0m] Started Trigger resolvconf update for networkd DNS.
[    9.372799] systemd[1]: Listening on Journal Socket.
[[0;32m  OK  [0m] Listening on Journal Socket.
[    9.379599] systemd[1]: Listening on LVM2 metadata daemon socket.
[[0;32m  OK  [0m] Listening on LVM2 metadata daemon socket.
[    9.392264] systemd[1]: Listening on Syslog Socket.
[[0;32m  OK  [0m] Listening on Syslog Socket.
[    9.416551] systemd[1]: Listening on udev Kernel Socket.
[[0;32m  OK  [0m] Listening on udev Kernel Socket.
[    9.432077] systemd[1]: Listening on udev Control Socket.
[[0;32m  OK  [0m] Listening on udev Control Socket.
[    9.440026] systemd[1]: Reached target Swap.
[[0;32m  OK  [0m] Reached target Swap.
[    9.456456] systemd[1]: Created slice System Slice.
[[0;32m  OK  [0m] Created slice System Slice.
[    9.484352] systemd[1]: Starting Nameserver information manager...
         Starting Nameserver information manager...
[    9.499215] systemd[1]: Starting Uncomplicated firewall...
         Starting Uncomplicated firewall...
[    9.653984] systemd[1]: Starting Remount Root and Kernel File Systems...
         Starting Remount Root and Kernel File Systems...
[    9.664928] EXT4-fs (sda1): re-mounted. Opts: (null)
[    9.668381] systemd[1]: Reached target Slices.
[[0;32m  OK  [0m] Reached target Slices.
[    9.677235] systemd[1]: Mounting POSIX Message Queue File System...
         Mounting POSIX Message Queue File System...
[    9.696649] systemd[1]: Mounting Debug File System...
         Mounting Debug File System...
[    9.708916] systemd[1]: Mounting Huge Pages File System...
         Mounting Huge Pages File System...
[    9.716176] random: nonblocking pool is initialized
[    9.719274] systemd[1]: Starting Create list of required static device nodes for the current kernel...
         Starting Create list of required st... nodes for the current kernel...
[    9.734931] systemd[1]: Starting Load Kernel Modules...
         Starting Load Kernel Modules...
[    9.739962] systemd[1]: Starting Set console keymap...
         Starting Set console keymap...
[    9.745909] systemd[1]: Reached target Encrypted Volumes.
[[0;32m  OK  [0m] Reached target Encrypted Volumes.
[    9.751897] systemd[1]: Listening on Journal Socket (/dev/log).
[[0;32m  OK  [0m] Listening on Journal Socket (/dev/log).
[    9.762898] Loading iSCSI transport class v2.0-870.
[    9.766838] systemd[1]: Listening on LVM2 poll daemon socket.
[[0;32m  OK  [0m] Listening on LVM2 poll daemon socket.
[    9.780769] systemd[1]: Reached target System Time Synchronized.
[[0;32m  OK  [0m] Reached target System Time Synchronized.
[    9.790077] iscsi: registered transport (tcp)
[    9.792079] systemd[1]: Listening on Journal Audit Socket.
[[0;32m  OK  [0m] Listening on Journal Audit Socket.
[    9.807917] systemd[1]: Starting Journal Service...
         Starting Journal Service...
[    9.816775] systemd[1]: Created slice system-serial\x2dgetty.slice.
[[0;32m  OK  [0m] Created slice system-serial\x2dgetty.slice.
[    9.828152] systemd[1]: Listening on Device-mapper event daemon FIFOs.
[    9.830487] iscsi: registered transport (iser)
[[0;32m  OK  [0m] Listening on Device-mapper event daemon FIFOs.
[    9.847916] systemd[1]: Starting Monitoring of LVM2 mirrors, snapshots etc. using dmeventd or progress polling...
         Starting Monitoring of LVM2 mirrors... dmeventd or progress polling...
[    9.855695] systemd[1]: Mounted Debug File System.
[[0;32m  OK  [0m] Mounted Debug File System.
[    9.860250] systemd[1]: Mounted POSIX Message Queue File System.
[[0;32m  OK  [0m] Mounted POSIX Message Queue File System.
[    9.876408] systemd[1]: Mounted Huge Pages File System.
[[0;32m  OK  [0m] Mounted Huge Pages File System.
[    9.885249] systemd[1]: Started Journal Service.
[[0;32m  OK  [0m] Started Journal Service.
[[0;32m  OK  [0m] Started Uncomplicated firewall.
[[0;32m  OK  [0m] Started Remount Root and Kernel File Systems.
[[0;32m  OK  [0m] Started Create list of required sta...ce nodes for the current kernel.
[[0;32m  OK  [0m] Started Load Kernel Modules.
[[0;32m  OK  [0m] Started Set console keymap.
[[0;32m  OK  [0m] Started Nameserver information manager.
[[0;32m  OK  [0m] Started LVM2 metadata daemon.
         Starting Apply Kernel Variables...
         Mounting FUSE Control File System...
         Starting Create Static Device Nodes in /dev...
         Starting Load/Save Random Seed...
         Starting udev Coldplug all Devices...
         Starting Flush Journal to Persistent Storage...
[[0;32m  OK  [0m] Mounted FUSE Control File System.
[[0;32m  OK  [0m] Started Apply Kernel Variables.
[[0;32m  OK  [0m] Started Load/Save Random Seed.
[[0;32m  OK  [0m] Started Create Static Device Nodes in /dev.
[[0;32m  OK  [0m] Started Flush Journal to Persistent Storage.
         Starting udev Kernel Device Manager...
[[0;32m  OK  [0m] Started udev Coldplug all Devices.
[[0;32m  OK  [0m] Started udev Kernel Device Manager.
[[0;32m  OK  [0m] Started Dispatch Password Requests to Console Directory Watch.
[[0;32m  OK  [0m] Found device /dev/ttyS0.
[[0;32m  OK  [0m] Listening on Load/Save RF Kill Switch Status /dev/rfkill Watch.
[[0;32m  OK  [0m] Started Monitoring of LVM2 mirrors,...ng dmeventd or progress polling.
[[0;32m  OK  [0m] Reached target Local File Systems (Pre).
[[0;32m  OK  [0m] Reached target Local File Systems.
         Starting Initial cloud-init job (pre-networking)...
         Starting LSB: AppArmor initialization...
         Starting Tell Plymouth To Write Out Runtime Data...
         Starting Set console font and keymap...
         Starting Commit a transient machine-id on disk...
         Starting Create Volatile Files and Directories...
[[0;32m  OK  [0m] Started Tell Plymouth To Write Out Runtime Data.
[[0;32m  OK  [0m] Started Commit a transient machine-id on disk.
[   11.087137] [[0;32m  OK  [0m] Started Create Volatile Files and Directories.
cloud-init[549]: Cloud-init v. 18.5-45-g3554ffe8-0ubuntu1~16.04.1 running 'init-local' at Mon, 04 May 2020 09:08:28 +0000. Up 10.78 seconds.
[[0;32m  OK  [0m] Started Initial cloud-init job (pre-networking).
[[0;32m  OK  [0m] Reached target Network (Pre).
         Starting Update UTMP about System Boot/Shutdown...
[[0;32m  OK  [0m] Started Update UTMP about System Boot/Shutdown.
[[0;32m  OK  [0m] Started Set console font and keymap.
[[0;32m  OK  [0m] Created slice system-getty.slice.
[[0;32m  OK  [0m] Started LSB: AppArmor initialization.
         Starting Raise network interfaces...
[[0;32m  OK  [0m] Started Raise network interfaces.
[[0;32m  OK  [0m] Reached target Network.
         Starting Initial cloud-init job (metadata service crawler)...
[   13.280256] cloud-init[951]: Cloud-init v. 18.5-45-g3554ffe8-0ubuntu1~16.04.1 running 'init' at Mon, 04 May 2020 09:08:30 +0000. Up 12.56 seconds.
[   13.287371] cloud-init[951]: ci-info: ++++++++++++++++++++++++++++++++++++++Net device info+++++++++++++++++++++++++++++++++++++++
[   13.291414] cloud-init[951]: ci-info: +--------+-------+----------------------------+---------------+--------+-------------------+
[   13.294891] cloud-init[951]: ci-info: | Device |   Up  |          Address           |      Mask     | Scope  |     Hw-Address    |
[   13.298144] cloud-init[951]: ci-info: +--------+-------+----------------------------+---------------+--------+-------------------+
[   13.302532] cloud-init[951]: ci-info: | enp0s3 |  True |         10.0.2.15          | 255.255.255.0 | global | 02:6d:cd:79:6e:19 |
[   13.307512] cloud-init[951]: ci-info: | enp0s3 |  True | fe80::6d:cdff:fe79:6e19/64 |       .       |  link  | 02:6d:cd:79:6e:19 |
[   13.312340] cloud-init[951]: ci-info: | enp0s8 | False |             .              |       .       |   .    | 08:00:27:80:b0:42 |
[   13.317997] cloud-init[951]: ci-info: |   lo   |  True |         127.0.0.1          |   255.0.0.0   |  host  |         .         |
[   13.321185] cloud-init[951]: ci-info: |   lo   |  True |          ::1/128           |       .       |  host  |         .         |
[   13.323414] cloud-init[951]: ci-info: +--------+-------+----------------------------+---------------+--------+-------------------+
[   13.326959] cloud-init[951]: ci-info: +++++++++++++++++++++++++++Route IPv4 info++++++++++++++++++++++++++++
[   13.329004] cloud-init[951]: ci-info: +-------+-------------+----------+---------------+-----------+-------+
[   13.331537] cloud-init[951]: ci-info: | Route | Destination | Gateway  |    Genmask    | Interface | Flags |
[   13.333975] cloud-init[951]: ci-info: +-------+-------------+----------+---------------+-----------+-------+
[   13.336696] cloud-init[951]: ci-info: |   0   |   0.0.0.0   | 10.0.2.2 |    0.0.0.0    |   enp0s3  |   UG  |
[   13.341001] cloud-init[951]: ci-info: |   1   |   10.0.2.0  | 0.0.0.0  | 255.255.255.0 |   enp0s3  |   U   |
[   13.345001] cloud-init[951]: ci-info: +-------+-------------+----------+---------------+-----------+-------+
[   13.353966] cloud-init[951]: ci-info: +++++++++++++++++++Route IPv6 info+++++++++++++++++++
[   13.356876] cloud-init[951]: ci-info: +-------+-------------+---------+-----------+-------+
[   13.359707] cloud-init[951]: ci-info: | Route | Destination | Gateway | Interface | Flags |
[   13.362024] cloud-init[951]: ci-info: +-------+-------------+---------+-----------+-------+
[   13.364674] cloud-init[951]: ci-info: |   0   |  fe80::/64  |    ::   |   enp0s3  |   U   |
[   13.369259] [[0;32m  OK  [0m] Started Initial cloud-init job (metadata service crawler).
cloud-init[951]: ci-info: |   3   |   ff00::/8  |    ::   |   enp0s3  |   U   |
[   13.372746] [[0;32m  OK  [0m] Reached target Cloud-config availability.
[[0;32m  OK  [0m] Reached target Network is Online.
cloud-init[951]: ci-info: +-------+-------------+---------+-----------+-------+
[   13.378123] cloud-init[951]: Generating public/private rsa key pair.
[   13.384490] cloud-init[951]: Your identification has been saved in /etc/ssh/ssh_host_rsa_key.
[   13.387645] cloud-init[951]: Your public key has been saved in /etc/ssh/ssh_host_rsa_key.pub.
[   13.390184] cloud-init[951]: The key fingerprint is:
[   13.391701] cloud-init[951]: SHA256:HjvirPNLNNArBxSVDCug7QVjxPs5NN00VxDWtIWWMAg root@ubuntu-xenial
[   13.400380]          Starting iSCSI initiator daemon (iscsid)...
[[0;32m  OK  [0m] Reached target System Initialization.
cloud-init[951]: The key's randomart image is:
[   13.410005] cloud-init[951]: [[0;32m  OK  [0m] Started Daily apt download activities.
+---[RSA 2048]----+
[   13.414566] cloud-init[951]: |.o= +=Eo .*Boo.  |
[   13.416521] cloud-init[951]: |.+.+ oo +...=o   |
[   13.417986] cloud-init[951]: |. o.=..o o ..    |
[   13.419743] cloud-init[951]: | ..ooo...        |
[   13.421524] cloud-init[951]: |  .o.o= S        |
[   13.422904] cloud-init[951]: |    ++ o o       |
[   13.424246] cloud-init[951]: |     .o +        |
[   13.425802] cloud-init[[0;32m  OK  [0m] Started Daily apt upgrade and clean activities.
[[0;32m  OK  [0m] Started Daily Cleanup of Temporary Directories.
[[0;32m  OK  [0m] Reached target Timers.
[951]: |    .+ . .       |
[   13.430257]          Starting Socket activation for snappy daemon.
[[0;32m  OK  [0m] Listening on ACPID Listen Socket.
cloud-init[951]: |    .+=.         |
[[0;32m  OK  [0m] Started ACPI Events Check.
[   13.434842] [[0;32m  OK  [0m] Reached target Paths.
[[0;32m  OK  [0m] Listening on D-Bus System Message Bus Socket.
cloud-init[951]: +----[SHA256]-----+
[[0;32m  OK  [0m] Listening on UUID daemon activation socket.
[   13.439230] cloud-init[951]: Generating public/private dsa key pair.
[   13.442233] cloud-init         Starting LXD - unix socket.
[951]: Your identification has been saved in /etc/ssh/ssh_host_dsa_key.
[   13.445626] cloud-init[951]: Your public key has been saved in /etc/ssh/ssh_host_dsa_key.pub.
[   13.447902] cloud-init[951]: The key fingerprint is:
[   13.456729] cloud-init[951]: SHA256:0Q+NmQ8kCzrFDQrwXqycis5tOWdPkGm5xYi2r0snBgM root@ubuntu-xenial
[   13.464762] [[0;32m  OK  [0m] Listening on Socket activation for snappy daemon.
[[0;32m  OK  [0m] Listening on LXD - unix socket.
cloud-init[951]: The key's randomart image is:
[   13.469195] cloud-init[951]: +---[DSA 1024]----+
[   13.471372] cloud-init[951]: |...  .+o. .      |
[   13.473969] cloud-init[951]: | . o +...= =     |
[   13.475937] [[0;32m  OK  [0m] Started iSCSI initiator daemon (iscsid).
cloud-init[951]: |E . *   o B .    |
[   13.479087] cloud-init[951]: |.o +..*  . =     |
[   13.480293] cloud-init[951]: | o=o B oS   o    |
[   13.481882] cloud-init[951]: |..+ o +          |
         Starting Login to default iSCSI targets...
[[0;32m  OK  [0m] Reached target Sockets.
[[0;32m  OK  [0m] Reached target Basic System.
         Starting LSB: Record successful boot for GRUB...
[[0;32m  OK  [0m] Started FUSE filesystem for LXC.
         Starting Accounts Service...
         Starting LXD - container startup/shutdown...
[   13.483591] cloud-init[951]: |o  =.o .         |
[   13.490708] cloud-init[951]: |o +++o.          |
[[0;32m  OK  [0m] Started ACPI event daemon.
[   13.492921] cloud-init[951]: | o.+*...         |
[   13.497259] cloud-init[951]: +----[SHA256]-----+[[0;32m  OK  [0m] Started Regular background program processing daemon.
[[0;32m  OK  [0m] Started Deferred execution scheduler.

         Starting Virtualbox guest utils...
         Starting /etc/rc.local Compatibility...
         Starting Pollinate to seed the pseudo random number generator...
         Starting LSB: MD monitoring daemon...
         Starting Login Service...
[[0;32m  OK  [0m] Started D-Bus System Message Bus.
[   13.542177] cloud-init[951]: Generating public/private ecdsa key pair.
[   13.545564] cloud-init[951]: Your identification has been saved in /etc/ssh/ssh_host_ecdsa_key.
[   13.554409] cloud-init[951]: Your public key has been saved in /etc/ssh/ssh_host_ecdsa_key.pub.
[   13.559212] cloud-init[951]: The key fingerprint is:
[   13.561369] cloud-init[951]: SHA256:Ec+Ntp0YAjh9pS64Q23nyn4QJ/bN5Ui5BSu0BJqTjNM root@ubuntu-xenial
[   13.566145] cloud-init[951]: The key's randomart image is:
[   13.569856] cloud-init[951]: +---[ECDSA 256]---+
[   13.572868] cloud-init[951]: |     oo....      |
[   13.582791] cloud-init[951]: |   +o+..+=.o     |
[   13.587377]          Starting System Logging Service...
cloud-init         Starting Snappy daemon...
[951]: |  o E. ++.*+.    |[[0;32m  OK  [0m] Started /etc/rc.local Compatibility.

[   13.595653] cloud-init[951]: |   . ++.+++=o.   |
[   13.603627] cloud-init[951]: [[0;32m  OK  [0m] Started System Logging Service.
|    o.+=S=o*o    |
[   13.618673] cloud-init[951]: |   . o.+. = .    |
[   13.623317] cloud-init[951]: |    o  ..        |
[   13.625875] cloud-init[951]: |     o ..        |
[   13.629656] cloud-init[951]: |     .+.         |
[   13.653731] cloud-init[951]: +----[SHA256]-----+
[   13.656880] cloud-init[951]: Generating public/private ed25519 key pair.
[   13.662698] cloud-init[951]: Your identification has been saved in /etc/ssh/ssh_host_ed25519_key.
[   13.673022] cloud-init[951]: Your public key has been saved in /etc/ssh/ssh_host_ed25519_key.pub.
[   13.675522] cloud-init[951]: The key fingerprint is:
[[0;32m  OK  [0m] Started Login to default iSCSI targets.
[   13.685657] cloud-init[951]: SHA256:e7xRff8bfptokm1Xgy+EbpU6xnDxw2AmGdp45ynue1k root@ubuntu-xenial
[   13.689535] cloud-init[951]: The key's randomart image is:
[   13.692693] cloud-init[951]: +--[ED25519 256]--+
[   13.699198] cloud-init[951]: |                 |
[   13.707427] cloud-init[951]: |         .       |
[   13.711213] cloud-init[951]: |        + o      |
[   13.720436] [[0;32m  OK  [0m] Started LXD - container startup/shutdown.
cloud-init[951]: |       o = * .   |
[   13.722861] cloud-init[951]: |        S * O + .|
[   13.727081] cloud-init[951]: |         = * E oo|
[   13.748413] cloud-init[951]: |        o X O o.+|
[   13.752089] [cloud-init[0;32m  OK  [0m[951]: ] |         o # =oo=|Started LSB: Record successful boot for GRUB.

[   13.754548] cloud-init[951]: |        .o* =.o==|
[[0;32m  OK  [0m] Started Login Service.
[   13.763801] cloud-init[951]: +----[SHA256]-----+
[[0;32m  OK  [0m] Started Unattended Upgrades Shutdown.
         Starting Authenticate and Authorize Users to Run Privileged Tasks...
[[0;32m  OK  [0m] Reached target Remote File Systems (Pre).
[[0;32m  OK  [0m] Reached target Remote File Systems.
         Starting LSB: Set the CPU Frequency Scaling governor to "ondemand"...
         Starting LSB: automatic crash report generation...
         Starting LSB: daemon to balance interrupts for SMP systems...
         Starting Permit User Sessions...
[[0;32m  OK  [0m] Started LSB: MD monitoring daemon.
[[0;32m  OK  [0m] Started Permit User Sessions.
         Starting Hold until boot process finishes up...
         Starting Terminate Plymouth Boot Screen...
[[0;32m  OK  [0m] Started LSB: Set the CPU Frequency Scaling governor to "ondemand".
[[0;32m  OK  [0m] Started Hold until boot process finishes up.
[[0;32m  OK  [0m] Started Authenticate and Authorize Users to Run Privileged Tasks.
[[0;32m  OK  [0m] Started Accounts Service.
[[0;32m  OK  [0m] Started Terminate Plymouth Boot Screen.
[[0;32m  OK  [0m] Started LSB: daemon to balance interrupts for SMP systems.
[[0;32m  OK  [0m] Started Getty on tty1.
         Starting Set console scheme...
[[0;32m  OK  [0m] Started Serial Getty on ttyS0.
[[0;32m  OK  [0m] Reached target Login Prompts.
[[0;32m  OK  [0m] Started Virtualbox guest utils.
[[0;32m  OK  [0m] Started LSB: automatic crash report generation.
[[0;32m  OK  [0m] Started Set console scheme.
[[0;32m  OK  [0m] Started Snappy daemon.
         Starting Wait until snapd is fully seeded...
[[0;32m  OK  [0m] Started Pollinate to seed the pseudo random number generator.
         Starting OpenBSD Secure Shell server...
[[0;32m  OK  [0m] Started OpenBSD Secure Shell server.
[[0;32m  OK  [0m] Started Wait until snapd is fully seeded.
[[0;32m  OK  [0m] Reached target Multi-User System.
[[0;32m  OK  [0m] Reached target Graphical Interface.
         Starting Update UTMP about System Runlevel Changes...
         Starting Apply the settings specified in cloud-config...
[[0;32m  OK  [0m] Started Update UTMP about System Runlevel Changes.
[   15.568993] cloud-init[1298]: Generating locales (this might take a while)...
[   16.322982] cloud-init[1298]:   en_US.UTF-8... done
[   16.324918] cloud-init[1298]: Generation complete.
[   16.702742] cloud-init[1298]: Cloud-init v. 18.5-45-g3554ffe8-0ubuntu1~16.04.1 running 'modules:config' at Mon, 04 May 2020 09:08:32 +0000. Up 15.46 seconds.
[[0;32m  OK  [0m] Started Apply the settings specified in cloud-config.
         Starting Execute cloud user/final scripts...
ci-info: no authorized ssh keys fingerprints found for user ubuntu.
<14>May  4 09:08:34 ec2: 
<14>May  4 09:08:34 ec2: #############################################################
<14>May  4 09:08:34 ec2: -----BEGIN SSH HOST KEY FINGERPRINTS-----
<14>May  4 09:08:34 ec2: 1024 SHA256:0Q+NmQ8kCzrFDQrwXqycis5tOWdPkGm5xYi2r0snBgM root@ubuntu-xenial (DSA)
<14>May  4 09:08:34 ec2: 256 SHA256:Ec+Ntp0YAjh9pS64Q23nyn4QJ/bN5Ui5BSu0BJqTjNM root@ubuntu-xenial (ECDSA)
<14>May  4 09:08:34 ec2: 256 SHA256:e7xRff8bfptokm1Xgy+EbpU6xnDxw2AmGdp45ynue1k root@ubuntu-xenial (ED25519)
<14>May  4 09:08:34 ec2: 2048 SHA256:HjvirPNLNNArBxSVDCug7QVjxPs5NN00VxDWtIWWMAg root@ubuntu-xenial (RSA)
<14>May  4 09:08:34 ec2: -----END SSH HOST KEY FINGERPRINTS-----
<14>May  4 09:08:34 ec2: #############################################################
-----BEGIN SSH HOST KEY KEYS-----
ecdsa-sha2-nistp256 AAAAE2VjZHNhLXNoYTItbmlzdHAyNTYAAAAIbmlzdHAyNTYAAABBBKzZlzcm+u5vfFB6XailkpPMeuoMIW5jinPhpgox1kf1CssyC7RaYF8DItztOYVQAapRvBHQUtXwiZPjJohmc2g= root@ubuntu-xenial
ssh-ed25519 AAAAC3NzaC1lZDI1NTE5AAAAICDN4uHKkaGAEDSAlALnY3Y3GS1y8mKunzahSElwKl42 root@ubuntu-xenial
ssh-rsa AAAAB3NzaC1yc2EAAAADAQABAAABAQDnv40YFEgKWykY0LSmIiFQvkW0myqVl1fAe5nasfDCA2l6miW1HFGRR/etCxbB9ihBOOflXUpHQ5+E/nSV8Ot0oT9cniYWAICJdJnnw8oHISlVrGYNMq5va3tMk7KXgGGX8bAe+RRM6rZa53EbAI+liOv4V2mNos3huKs7a6Kajn6cRBGEfmTvRQy39pSsgyG58tpvtAeapVg0HYxfPMF1lfwK91f9sB+NPrguQJ40ggVFIDkBW42wt1BfWsyRa9WSRwMqnctWvSSJq9Zhp9+Kse/N6Ol4NpnAHfU2IlEc+0QZqzEQnrCt/Iz7abQMRTGhX4xvs/NC9drgoG0VCihP root@ubuntu-xenial
-----END SSH HOST KEY KEYS-----
[   17.189074] cloud-init[1340]: Cloud-init v. 18.5-45-g3554ffe8-0ubuntu1~16.04.1 running 'modules:final' at Mon, 04 May 2020 09:08:34 +0000. Up 17.03 seconds.
[   17.191625] cloud-init[1340]: ci-info: no authorized ssh keys fingerprints found for user ubuntu.
[   17.200494] cloud-init[1340]: Cloud-init v. 18.5-45-g3554ffe8-0ubuntu1~16.04.1 finished at Mon, 04 May 2020 09:08:34 +0000. Datasource DataSourceNoCloud [seed=/dev/sdb][dsmode=net].  Up 17.18 seconds
[[0;32m  OK  [0m] Started Execute cloud user/final scripts.
[[0;32m  OK  [0m] Reached target Cloud-init target.

Ubuntu 16.04.6 LTS ubuntu-xenial ttyS0

ubuntu-xenial login:          Stopping Authenticate and Authorize Users to Run Privileged Tasks...
         Stopping ACPI event daemon...
[[0;32m  OK  [0m] Stopp[[0;32m  OK  [0m] Closed Load/Save RF Kill Switch Status /dev/rfkill Watch.
[[0;32m  OK  [0m] Stopped target Graphical Interface.
[[0;32m  OK  [0m] Stopped target Timers.
[[0;32m  OK  [0m] Stopped target Cloud-init target.
         Stopping Accounts Service...
         Stopping User Manager for UID 1000...
         Stopping Authenticate and Authorize Users to Run Privileged Tasks...
[[0;32m  OK  [0m] Stopped Daily Cleanup of Temporary Directories.
         Stopping Session 4 of user vagrant.
         Stopping ACPI event daemon...
[[0;32m  OK  [0m] Stopped Daily apt upgrade and clean activities.
[[0;32m  OK  [0m] Stopped Daily apt download activities.
[[0;32m  OK  [0m] Stopped target System Time Synchronized.
         Stopping [[0;32m  OK  [0m] Stopped target Graphical Interface.
         Stopping Session 6 of user vagrant.
         Stopping User Manager for UID 1000...
         Stopping Authenticate and Authorize Users to Run Privileged Tasks...
         Stopping ACPI event daemon...
         Stopping Session 4 of user vagrant.
[[0;32m  OK  [0m] Stopped target Timers.
[[0;32m  OK  [0m] Stopped Daily Cleanup of Temporary Directories.
[[0;32m  OK  [0m] Stopped Daily apt upgrade and clean activities.
         Stopping Accounts Service...
[[0;32m  OK  [0m] Closed Load/Save RF Kill Switch Status /dev/rfkill Watch.
[[0;32m  OK  [0m] Stopped Daily apt download activities.
[[0;32m  OK  [0m] Stopped target System Time Synchronized.
[[0;32m  OK  [0m] Stopped target Cloud-init target.
[[0;32m  OK  [0m] Stopped Execute cloud user/final scripts.
[[0;32m  OK  [0m] Stopped Apply the settings specified in cloud-config.
[[0;32m  OK  [0m] Stopped target Cloud-config availability.
[[0;32m  OK  [0m] Stopped target Multi-User System.
         Stopping LSB: daemon to balance interrupts for SMP systems...
[[0;32m  OK  [0m] Stopped Wait until snapd is fully seeded.
         Stopping Deferred execution scheduler...
         Stopping LXD - container startup/shutdown...
         Stopping FUSE filesystem for LXC...
         Stopping LSB: Record successful boot for GRUB...
         Stopping LSB: MD monitoring daemon...
         Stopping Docker Application Container Engine...
         Stopping Unattended Upgrades Shutdown...
         Stopping OpenBSD Secure Shell server...
         Stopping vboxadd-service.service...
         Stopping Ubuntu FAN network setup...
         Stopping System Logging Service...
         Stopping LSB: Set the CPU Frequency Scaling governor to "ondemand"...
         Stopping Regular background program processing daemon...
         Stopping LSB: automatic crash report generation...
         Stopping D-Bus System Message Bus...
[[0;32m  OK  [0m] Stopped target Login Prompts.
         Stopping Getty on tty1...
         Stopping Serial Getty on ttyS0...
         Stopping LSB: Set up cgroupfs mounts....
[[0;32m  OK  [0m] Unmounted /var/lib/lxcfs.
[[0;32m  OK  [0m] Stopped System Logging Service.
[[0;32m  OK  [0m] Stopped Deferred execution scheduler.
[[0;32m  OK  [0m] Stopped Accounts Service.
[[0;32m  OK  [0m] Stopped Regular background program processing daemon.
[[0;32m  OK  [0m] Stopped ACPI event daemon.
[[0;32m  OK  [0m] Stopped Authenticate and Authorize Users to Run Privileged Tasks.
[[0;32m  OK  [0m] Stopped OpenBSD Secure Shell server.
[[0;32m  OK  [0m] Stopped Getty on tty1.
[[0;32m  OK  [0m] Stopped Unattended Upgrades Shutdown.
[[0;32m  OK  [0m] Stopped Serial Getty on ttyS0.
[[0;32m  OK  [0m] Stopped User Manager for UID 1000.
[[0;32m  OK  [0m] Stopped Session 6 of user vagrant.
[[0;32m  OK  [0m] Stopped vboxadd-service.service.
[[0;32m  OK  [0m] Stopped Ubuntu FAN network setup.
[[0;32m  OK  [0m] Stopped D-Bus System Message Bus.
[[0;32m  OK  [0m] Stopped LSB: Set up cgroupfs mounts..
[[0;32m  OK  [0m] Stopped FUSE filesystem for LXC.
[[0;32m  OK  [0m] Unmounted /run/docker/netns/1-gf2254y8e5.
[[0;32m  OK  [0m] Stopped LXD - container startup/shutdown.
[[0;32m  OK  [0m] Stopped LSB: daemon to balance interrupts for SMP systems.
[[0;32m  OK  [0m] Stopped LSB: MD monitoring daemon.
[[0;32m  OK  [0m] Stopped LSB: Set the CPU Frequency Scaling governor to "ondemand".
[[0;32m  OK  [0m] Stopped LSB: automatic crash report generation.
[[0;32m  OK  [0m] Unmounted /run/docker/netns/ingress_sbox.
[[0;32m  OK  [0m] Stopped Docker Application Container Engine.
[[0;32m  OK  [0m] Stopped LSB: Record successful boot for GRUB.
         Stopping containerd container runtime...
         Stopping vboxadd.service...
[[0;32m  OK  [0m] Removed slice system-serial\x2dgetty.slice.
[[0;32m  OK  [0m] Stopped /etc/rc.local Compatibility.
[[0;32m  OK  [0m] Removed slice system-getty.slice.
[[0;32m  OK  [0m] Stopped containerd container runtime.
[[0;32m  OK  [0m] Stopped Session 4 of user vagrant.
[[0;32m  OK  [0m] Stopped User Manager for UID 1000.
[[0;32m  OK  [0m] Removed slice User Slice of vagrant.
         Stopping Permit User Sessions...
         Stopping Login Service...
[[0;32m  OK  [0m] Unmounted /usr/src/git_repo.
[[0;32m  OK  [0m] Unmounted /vagrant.
[[0;32m  OK  [0m] Stopped Permit User Sessions.
[[0;32m  OK  [0m] Stopped vboxadd.service.
[[0;32m  OK  [0m] Stopped target Remote File Systems.
[[0;32m  OK  [0m] Stopped target Remote File Systems (Pre).
         Stopping Login to default iSCSI targets...
[[0;32m  OK  [0m] Stopped Login Service.
[[0;32m  OK  [0m] Stopped target Basic System.
[[0;32m  OK  [0m] Stopped target Slices.
[[0;32m  OK  [0m] Stopped target Paths.
[[0;32m  OK  [0m] Stopped ACPI Events Check.
[[0;32m  OK  [0m] Stopped Dispatch Password Requests to Console Directory Watch.
[[0;32m  OK  [0m] Stopped Forward Password Requests to Wall Directory Watch.
[[0;32m  OK  [0m] Stopped target Sockets.
[[0;32m  OK  [0m] Closed ACPID Listen Socket.
[[0;32m  OK  [0m] Closed LXD - unix socket.
[[0;32m  OK  [0m] Closed Socket activation for snappy daemon.
[[0;32m  OK  [0m] Closed Docker Socket for the API.
[[0;32m  OK  [0m] Closed Syslog Socket.
[[0;32m  OK  [0m] Closed UUID daemon activation socket.
[[0;32m  OK  [0m] Closed D-Bus System Message Bus Socket.
[[0;32m  OK  [0m] Stopped target System Initialization.
         Stopping Load/Save Random Seed...
[[0;32m  OK  [0m] Stopped Commit a transient machine-id on disk.
[[0;32m  OK  [0m] Stopped target Swap.
[[0;32m  OK  [0m] Stopped target Encrypted Volumes.
         Stopping Update UTMP about System Boot/Shutdown...
[[0;32m  OK  [0m] Stopped target User and Group Name Lookups.
[[0;32m  OK  [0m] Removed slice User and Session Slice.
[[0;32m  OK  [0m] Stopped Load/Save Random Seed.
[[0;32m  OK  [0m] Stopped Update UTMP about System Boot/Shutdown.
[[0;32m  OK  [0m] Stopped Login to default iSCSI targets.
         Stopping iSCSI initiator daemon (iscsid)...
[[0;32m  OK  [0m] Stopped Create Volatile Files and Directories.
[[0;32m  OK  [0m] Stopped iSCSI initiator daemon (iscsid).
[[0;32m  OK  [0m] Stopped target Network is Online.
[[0;32m  OK  [0m] Stopped target Network.
[[0;32m  OK  [0m] Stopped Initial cloud-init job (metadata service crawler).
         Stopping Raise network interfaces...
[[0;32m  OK  [0m] Stopped Raise network interfaces.
[[0;32m  OK  [0m] Stopped target Local File Systems.
         Unmounting /run/user/1000...
[[0;32m  OK  [0m] Stopped target Network (Pre).
[[0;32m  OK  [0m] Stopped Initial cloud-init job (pre-networking).
[[0;32m  OK  [0m] Stopped Apply Kernel Variables.
[[0;32m  OK  [0m] Stopped Load Kernel Modules.
[[0;32m  OK  [0m] Unmounted /run/user/1000.
[[0;32m  OK  [0m] Reached target Unmount All Filesystems.
[[0;32m  OK  [0m] Stopped target Local File Systems (Pre).
[[0;32m  OK  [0m] Stopped Remount Root and Kernel File Systems.
         Stopping Monitoring of LVM2 mirrors... dmeventd or progress polling...
[[0;32m  OK  [0m] Stopped Create Static Device Nodes in /dev.
[[0;32m  OK  [0m] Reached target Shutdown.
[ 6383.767923] reboot: Power down
